 No jlist data was found in Boozer input file.
 Will assume that all surfaces are needed. Iostat:    1
  0 <= mboz <=   95      0 <= nboz <=    0
  nu_boz =   386 nv_boz =     1

             OUTBOARD (u=0)              JS          INBOARD (u=pi)
-----------------------------------------------------------------------------
  v     |B|vmec    |B|booz    Error             |B|vmec    |B|booz    Error

  0    1.125E+01  1.125E+01  8.839E-15    2    1.159E+01  1.159E+01  3.066E-15
 pi    1.125E+01  1.125E+01  8.839E-15         1.159E+01  1.159E+01  3.066E-15
  0    1.115E+01  1.115E+01  2.678E-14    3    1.172E+01  1.172E+01  3.334E-15
 pi    1.115E+01  1.115E+01  2.678E-14         1.172E+01  1.172E+01  3.334E-15
  0    1.107E+01  1.107E+01  2.905E-14    4    1.181E+01  1.181E+01  2.708E-15
 pi    1.107E+01  1.107E+01  2.905E-14         1.181E+01  1.181E+01  2.708E-15
  0    1.100E+01  1.100E+01  2.131E-14    5    1.188E+01  1.188E+01  2.840E-15
 pi    1.100E+01  1.100E+01  2.131E-14         1.188E+01  1.188E+01  2.840E-15
  0    1.095E+01  1.095E+01  9.081E-15    6    1.195E+01  1.195E+01  3.865E-15
 pi    1.095E+01  1.095E+01  9.081E-15         1.195E+01  1.195E+01  3.865E-15
  0    1.091E+01  1.091E+01  1.823E-14    7    1.201E+01  1.201E+01  9.611E-15
 pi    1.091E+01  1.091E+01  1.823E-14         1.201E+01  1.201E+01  9.611E-15
  0    1.087E+01  1.087E+01  1.879E-14    8    1.207E+01  1.207E+01  1.089E-14
 pi    1.087E+01  1.087E+01  1.879E-14         1.207E+01  1.207E+01  1.089E-14
  0    1.084E+01  1.084E+01  1.065E-14    9    1.213E+01  1.213E+01  4.834E-15
 pi    1.084E+01  1.084E+01  1.065E-14         1.213E+01  1.213E+01  4.834E-15
  0    1.081E+01  1.081E+01  1.430E-14   10    1.218E+01  1.218E+01  4.960E-15
 pi    1.081E+01  1.081E+01  1.430E-14         1.218E+01  1.218E+01  4.960E-15
  0    1.078E+01  1.078E+01  1.351E-14   11    1.223E+01  1.223E+01  1.308E-15
 pi    1.078E+01  1.078E+01  1.351E-14         1.223E+01  1.223E+01  1.308E-15
  0    1.075E+01  1.075E+01  6.280E-15   12    1.227E+01  1.227E+01  6.080E-15
 pi    1.075E+01  1.075E+01  6.280E-15         1.227E+01  1.227E+01  6.080E-15
  0    1.072E+01  1.072E+01  1.441E-14   13    1.232E+01  1.232E+01  1.010E-15
 pi    1.072E+01  1.072E+01  1.441E-14         1.232E+01  1.232E+01  1.010E-15
  0    1.069E+01  1.069E+01  1.296E-14   14    1.236E+01  1.236E+01  2.588E-15
 pi    1.069E+01  1.069E+01  1.296E-14         1.236E+01  1.236E+01  2.588E-15
  0    1.067E+01  1.067E+01  2.331E-14   15    1.240E+01  1.240E+01  2.149E-15
 pi    1.067E+01  1.067E+01  2.331E-14         1.240E+01  1.240E+01  2.149E-15
  0    1.064E+01  1.064E+01  1.035E-14   16    1.244E+01  1.244E+01  4.999E-15
 pi    1.064E+01  1.064E+01  1.035E-14         1.244E+01  1.244E+01  4.999E-15
  0    1.062E+01  1.062E+01  1.673E-14   17    1.247E+01  1.247E+01  4.130E-15
 pi    1.062E+01  1.062E+01  1.673E-14         1.247E+01  1.247E+01  4.130E-15
  0    1.060E+01  1.060E+01  1.861E-14   18    1.251E+01  1.251E+01  1.846E-15
 pi    1.060E+01  1.060E+01  1.861E-14         1.251E+01  1.251E+01  1.846E-15
  0    1.058E+01  1.058E+01  1.411E-14   19    1.255E+01  1.255E+01  1.841E-15
 pi    1.058E+01  1.058E+01  1.411E-14         1.255E+01  1.255E+01  1.841E-15
  0    1.055E+01  1.055E+01  1.969E-14   20    1.258E+01  1.258E+01  1.130E-15
 pi    1.055E+01  1.055E+01  1.969E-14         1.258E+01  1.258E+01  1.130E-15
  0    1.053E+01  1.053E+01  2.344E-14   21    1.261E+01  1.261E+01  4.224E-16
 pi    1.053E+01  1.053E+01  2.344E-14         1.261E+01  1.261E+01  4.224E-16
  0    1.051E+01  1.051E+01  8.448E-15   22    1.265E+01  1.265E+01  1.067E-14
 pi    1.051E+01  1.051E+01  8.448E-15         1.265E+01  1.265E+01  1.067E-14
  0    1.049E+01  1.049E+01  2.455E-14   23    1.268E+01  1.268E+01  1.821E-15
 pi    1.049E+01  1.049E+01  2.455E-14         1.268E+01  1.268E+01  1.821E-15
  0    1.047E+01  1.047E+01  8.310E-15   24    1.271E+01  1.271E+01  1.118E-15
 pi    1.047E+01  1.047E+01  8.310E-15         1.271E+01  1.271E+01  1.118E-15
  0    1.046E+01  1.046E+01  1.495E-14   25    1.274E+01  1.274E+01  5.018E-15
 pi    1.046E+01  1.046E+01  1.495E-14         1.274E+01  1.274E+01  5.018E-15
  0    1.044E+01  1.044E+01  1.617E-14   26    1.277E+01  1.277E+01  7.092E-15
 pi    1.044E+01  1.044E+01  1.617E-14         1.277E+01  1.277E+01  7.092E-15
  0    1.042E+01  1.042E+01  1.773E-14   27    1.280E+01  1.280E+01  5.134E-15
 pi    1.042E+01  1.042E+01  1.773E-14         1.280E+01  1.280E+01  5.134E-15
  0    1.040E+01  1.040E+01  2.169E-14   28    1.283E+01  1.283E+01  8.306E-16
 pi    1.040E+01  1.040E+01  2.169E-14         1.283E+01  1.283E+01  8.306E-16
  0    1.038E+01  1.038E+01  2.036E-14   29    1.286E+01  1.286E+01  1.243E-15
 pi    1.038E+01  1.038E+01  2.036E-14         1.286E+01  1.286E+01  1.243E-15
  0    1.037E+01  1.037E+01  1.251E-14   30    1.289E+01  1.289E+01  8.544E-15
 pi    1.037E+01  1.037E+01  1.251E-14         1.289E+01  1.289E+01  8.544E-15
  0    1.035E+01  1.035E+01  2.471E-14   31    1.292E+01  1.292E+01  6.876E-15
 pi    1.035E+01  1.035E+01  2.471E-14         1.292E+01  1.292E+01  6.876E-15
  0    1.033E+01  1.033E+01  1.547E-15   32    1.295E+01  1.295E+01  1.647E-15
 pi    1.033E+01  1.033E+01  1.547E-15         1.295E+01  1.295E+01  1.647E-15
  0    1.032E+01  1.032E+01  8.780E-15   33    1.297E+01  1.297E+01  5.477E-16
 pi    1.032E+01  1.032E+01  8.780E-15         1.297E+01  1.297E+01  5.477E-16
  0    1.030E+01  1.030E+01  1.069E-14   34    1.300E+01  1.300E+01  2.596E-15
 pi    1.030E+01  1.030E+01  1.069E-14         1.300E+01  1.300E+01  2.596E-15
  0    1.029E+01  1.029E+01  2.677E-14   35    1.303E+01  1.303E+01  1.091E-15
 pi    1.029E+01  1.029E+01  2.677E-14         1.303E+01  1.303E+01  1.091E-15
  0    1.027E+01  1.027E+01  2.162E-14   36    1.305E+01  1.305E+01  1.905E-15
 pi    1.027E+01  1.027E+01  2.162E-14         1.305E+01  1.305E+01  1.905E-15
  0    1.026E+01  1.026E+01  1.299E-14   37    1.308E+01  1.308E+01  3.531E-15
 pi    1.026E+01  1.026E+01  1.299E-14         1.308E+01  1.308E+01  3.531E-15
  0    1.024E+01  1.024E+01  1.700E-14   38    1.310E+01  1.310E+01  9.353E-15
 pi    1.024E+01  1.024E+01  1.700E-14         1.310E+01  1.310E+01  9.353E-15
  0    1.023E+01  1.023E+01  1.268E-14   39    1.313E+01  1.313E+01  2.571E-15
 pi    1.023E+01  1.023E+01  1.268E-14         1.313E+01  1.313E+01  2.571E-15
  0    1.021E+01  1.021E+01  1.913E-14   40    1.315E+01  1.315E+01  1.080E-15
 pi    1.021E+01  1.021E+01  1.913E-14         1.315E+01  1.315E+01  1.080E-15
  0    1.020E+01  1.020E+01  1.794E-14   41    1.318E+01  1.318E+01  8.896E-15
 pi    1.020E+01  1.020E+01  1.794E-14         1.318E+01  1.318E+01  8.896E-15
  0    1.019E+01  1.019E+01  1.151E-14   42    1.320E+01  1.320E+01  9.552E-15
 pi    1.019E+01  1.019E+01  1.151E-14         1.320E+01  1.320E+01  9.552E-15
  0    1.017E+01  1.017E+01  1.292E-14   43    1.323E+01  1.323E+01  8.057E-16
 pi    1.017E+01  1.017E+01  1.292E-14         1.323E+01  1.323E+01  8.057E-16
  0    1.016E+01  1.016E+01  1.032E-14   44    1.325E+01  1.325E+01  6.032E-15
 pi    1.016E+01  1.016E+01  1.032E-14         1.325E+01  1.325E+01  6.032E-15
  0    1.014E+01  1.014E+01  1.488E-14   45    1.328E+01  1.328E+01  2.542E-15
 pi    1.014E+01  1.014E+01  1.488E-14         1.328E+01  1.328E+01  2.542E-15
  0    1.013E+01  1.013E+01  1.297E-14   46    1.330E+01  1.330E+01  1.029E-14
 pi    1.013E+01  1.013E+01  1.297E-14         1.330E+01  1.330E+01  1.029E-14
  0    1.012E+01  1.012E+01  1.843E-14   47    1.332E+01  1.332E+01  1.467E-15
 pi    1.012E+01  1.012E+01  1.843E-14         1.332E+01  1.332E+01  1.467E-15
  0    1.011E+01  1.011E+01  2.092E-14   48    1.335E+01  1.335E+01  3.461E-15
 pi    1.011E+01  1.011E+01  2.092E-14         1.335E+01  1.335E+01  3.461E-15
  0    1.009E+01  1.009E+01  2.341E-14   49    1.337E+01  1.337E+01  7.043E-15
 pi    1.009E+01  1.009E+01  2.341E-14         1.337E+01  1.337E+01  7.043E-15
  0    1.008E+01  1.008E+01  8.810E-15   50    1.339E+01  1.339E+01  1.592E-15
 pi    1.008E+01  1.008E+01  8.810E-15         1.339E+01  1.339E+01  1.592E-15
  0    1.007E+01  1.007E+01  1.058E-14   51    1.341E+01  1.341E+01  1.245E-14
 pi    1.007E+01  1.007E+01  1.058E-14         1.341E+01  1.341E+01  1.245E-14
  0    1.006E+01  1.006E+01  1.731E-14   52    1.344E+01  1.344E+01  4.760E-15
 pi    1.006E+01  1.006E+01  1.731E-14         1.344E+01  1.344E+01  4.760E-15
  0    1.005E+01  1.005E+01  1.821E-14   53    1.346E+01  1.346E+01  3.036E-15
 pi    1.005E+01  1.005E+01  1.821E-14         1.346E+01  1.346E+01  3.036E-15
  0    1.003E+01  1.003E+01  1.469E-14   54    1.348E+01  1.348E+01  7.907E-16
 pi    1.003E+01  1.003E+01  1.469E-14         1.348E+01  1.348E+01  7.907E-16
  0    1.002E+01  1.002E+01  1.790E-14   55    1.350E+01  1.350E+01  2.631E-15
 pi    1.002E+01  1.002E+01  1.790E-14         1.350E+01  1.350E+01  2.631E-15
  0    1.001E+01  1.001E+01  2.874E-14   56    1.352E+01  1.352E+01  3.678E-15
 pi    1.001E+01  1.001E+01  2.874E-14         1.352E+01  1.352E+01  3.678E-15
  0    1.000E+01  1.000E+01  2.647E-14   57    1.354E+01  1.354E+01  1.443E-15
 pi    1.000E+01  1.000E+01  2.647E-14         1.354E+01  1.354E+01  1.443E-15
  0    9.989E+00  9.989E+00  8.892E-15   58    1.357E+01  1.357E+01  7.988E-15
 pi    9.989E+00  9.989E+00  8.892E-15         1.357E+01  1.357E+01  7.988E-15
  0    9.978E+00  9.978E+00  2.314E-14   59    1.359E+01  1.359E+01  7.322E-15
 pi    9.978E+00  9.978E+00  2.314E-14         1.359E+01  1.359E+01  7.322E-15
  0    9.967E+00  9.967E+00  2.495E-15   60    1.361E+01  1.361E+01  4.177E-15
 pi    9.967E+00  9.967E+00  2.495E-15         1.361E+01  1.361E+01  4.177E-15
  0    9.956E+00  9.956E+00  1.909E-14   61    1.363E+01  1.363E+01  5.214E-16
 pi    9.956E+00  9.956E+00  1.909E-14         1.363E+01  1.363E+01  5.214E-16
  0    9.946E+00  9.946E+00  1.500E-14   62    1.365E+01  1.365E+01  3.254E-15
 pi    9.946E+00  9.946E+00  1.500E-14         1.365E+01  1.365E+01  3.254E-15
  0    9.935E+00  9.935E+00  2.199E-14   63    1.367E+01  1.367E+01  5.718E-15
 pi    9.935E+00  9.935E+00  2.199E-14         1.367E+01  1.367E+01  5.718E-15
  0    9.925E+00  9.925E+00  3.401E-15   64    1.369E+01  1.369E+01  3.763E-15
 pi    9.925E+00  9.925E+00  3.401E-15         1.369E+01  1.369E+01  3.763E-15
  0    9.914E+00  9.914E+00  2.025E-14   65    1.371E+01  1.371E+01  5.183E-16
 pi    9.914E+00  9.914E+00  2.025E-14         1.371E+01  1.371E+01  5.183E-16
  0    9.904E+00  9.904E+00  1.435E-14   66    1.373E+01  1.373E+01  5.175E-15
 pi    9.904E+00  9.904E+00  1.435E-14         1.373E+01  1.373E+01  5.175E-15
  0    9.894E+00  9.894E+00  2.172E-14   67    1.375E+01  1.375E+01  6.847E-15
 pi    9.894E+00  9.894E+00  2.172E-14         1.375E+01  1.375E+01  6.847E-15
  0    9.885E+00  9.885E+00  1.240E-14   68    1.377E+01  1.377E+01  8.257E-15
 pi    9.885E+00  9.885E+00  1.240E-14         1.377E+01  1.377E+01  8.257E-15
  0    9.875E+00  9.875E+00  9.354E-15   69    1.379E+01  1.379E+01  0.000E+00
 pi    9.875E+00  9.875E+00  9.354E-15         1.379E+01  1.379E+01  0.000E+00
  0    9.865E+00  9.865E+00  1.260E-14   70    1.381E+01  1.381E+01  2.959E-15
 pi    9.865E+00  9.865E+00  1.260E-14         1.381E+01  1.381E+01  2.959E-15
  0    9.856E+00  9.856E+00  1.424E-14   71    1.383E+01  1.383E+01  7.451E-15
 pi    9.856E+00  9.856E+00  1.424E-14         1.383E+01  1.383E+01  7.451E-15
  0    9.846E+00  9.846E+00  1.858E-14   72    1.385E+01  1.385E+01  1.796E-15
 pi    9.846E+00  9.846E+00  1.858E-14         1.385E+01  1.385E+01  1.796E-15
  0    9.837E+00  9.837E+00  3.973E-15   73    1.387E+01  1.387E+01  1.409E-15
 pi    9.837E+00  9.837E+00  3.973E-15         1.387E+01  1.387E+01  1.409E-15
  0    9.828E+00  9.828E+00  3.253E-15   74    1.388E+01  1.388E+01  4.350E-15
 pi    9.828E+00  9.828E+00  3.253E-15         1.388E+01  1.388E+01  4.350E-15
  0    9.819E+00  9.819E+00  2.243E-14   75    1.390E+01  1.390E+01  8.432E-15
 pi    9.819E+00  9.819E+00  2.243E-14         1.390E+01  1.390E+01  8.432E-15
  0    9.810E+00  9.810E+00  8.872E-15   76    1.392E+01  1.392E+01  3.700E-15
 pi    9.810E+00  9.810E+00  8.872E-15         1.392E+01  1.392E+01  3.700E-15
  0    9.801E+00  9.801E+00  6.706E-15   77    1.394E+01  1.394E+01  6.498E-15
 pi    9.801E+00  9.801E+00  6.706E-15         1.394E+01  1.394E+01  6.498E-15
  0    9.793E+00  9.793E+00  1.252E-14   78    1.396E+01  1.396E+01  9.671E-15
 pi    9.793E+00  9.793E+00  1.252E-14         1.396E+01  1.396E+01  9.671E-15
  0    9.784E+00  9.784E+00  1.198E-14   79    1.398E+01  1.398E+01  6.608E-15
 pi    9.784E+00  9.784E+00  1.198E-14         1.398E+01  1.398E+01  6.608E-15
  0    9.776E+00  9.776E+00  2.489E-14   80    1.400E+01  1.400E+01  1.523E-15
 pi    9.776E+00  9.776E+00  2.489E-14         1.400E+01  1.400E+01  1.523E-15
  0    9.767E+00  9.767E+00  5.456E-16   81    1.401E+01  1.401E+01  5.704E-15
 pi    9.767E+00  9.767E+00  5.456E-16         1.401E+01  1.401E+01  5.704E-15
  0    9.759E+00  9.759E+00  1.984E-14   82    1.403E+01  1.403E+01  8.861E-16
 pi    9.759E+00  9.759E+00  1.984E-14         1.403E+01  1.403E+01  8.861E-16
  0    9.751E+00  9.751E+00  1.731E-14   83    1.405E+01  1.405E+01  1.125E-14
 pi    9.751E+00  9.751E+00  1.731E-14         1.405E+01  1.405E+01  1.125E-14
  0    9.743E+00  9.743E+00  1.805E-14   84    1.407E+01  1.407E+01  7.829E-15
 pi    9.743E+00  9.743E+00  1.805E-14         1.407E+01  1.407E+01  7.829E-15
  0    9.735E+00  9.735E+00  1.150E-14   85    1.409E+01  1.409E+01  5.675E-15
 pi    9.735E+00  9.735E+00  1.150E-14         1.409E+01  1.409E+01  5.675E-15
  0    9.727E+00  9.727E+00  1.534E-14   86    1.410E+01  1.410E+01  8.313E-15
 pi    9.727E+00  9.727E+00  1.534E-14         1.410E+01  1.410E+01  8.313E-15
  0    9.719E+00  9.719E+00  5.300E-15   87    1.412E+01  1.412E+01  6.290E-16
 pi    9.719E+00  9.719E+00  5.300E-15         1.412E+01  1.412E+01  6.290E-16
  0    9.711E+00  9.711E+00  1.207E-14   88    1.414E+01  1.414E+01  1.885E-15
 pi    9.711E+00  9.711E+00  1.207E-14         1.414E+01  1.414E+01  1.885E-15
  0    9.704E+00  9.704E+00  0.000E+00   89    1.416E+01  1.416E+01  7.529E-16
 pi    9.704E+00  9.704E+00  0.000E+00         1.416E+01  1.416E+01  7.529E-16
  0    9.696E+00  9.696E+00  2.125E-14   90    1.417E+01  1.417E+01  3.760E-15
 pi    9.696E+00  9.696E+00  2.125E-14         1.417E+01  1.417E+01  3.760E-15
  0    9.688E+00  9.688E+00  1.430E-14   91    1.419E+01  1.419E+01  4.507E-15
 pi    9.688E+00  9.688E+00  1.430E-14         1.419E+01  1.419E+01  4.507E-15
  0    9.681E+00  9.681E+00  1.009E-14   92    1.421E+01  1.421E+01  2.251E-15
 pi    9.681E+00  9.681E+00  1.009E-14         1.421E+01  1.421E+01  2.251E-15
  0    9.674E+00  9.674E+00  8.630E-15   93    1.422E+01  1.422E+01  8.742E-16
 pi    9.674E+00  9.674E+00  8.630E-15         1.422E+01  1.422E+01  8.742E-16
  0    9.666E+00  9.666E+00  4.778E-15   94    1.424E+01  1.424E+01  4.366E-15
 pi    9.666E+00  9.666E+00  4.778E-15         1.424E+01  1.424E+01  4.366E-15
  0    9.659E+00  9.659E+00  2.759E-15   95    1.426E+01  1.426E+01  8.971E-15
 pi    9.659E+00  9.659E+00  2.759E-15         1.426E+01  1.426E+01  8.971E-15
  0    9.652E+00  9.652E+00  1.399E-14   96    1.427E+01  1.427E+01  9.956E-16
 pi    9.652E+00  9.652E+00  1.399E-14         1.427E+01  1.427E+01  9.956E-16
  0    9.645E+00  9.645E+00  9.393E-15   97    1.429E+01  1.429E+01  4.848E-15
 pi    9.645E+00  9.645E+00  9.393E-15         1.429E+01  1.429E+01  4.848E-15
  0    9.638E+00  9.638E+00  1.051E-14   98    1.431E+01  1.431E+01  2.483E-16
 pi    9.638E+00  9.638E+00  1.051E-14         1.431E+01  1.431E+01  2.483E-16
  0    9.631E+00  9.631E+00  2.213E-15   99    1.432E+01  1.432E+01  9.922E-15
 pi    9.631E+00  9.631E+00  2.213E-15         1.432E+01  1.432E+01  9.922E-15
  0    9.624E+00  9.624E+00  8.675E-15  100    1.434E+01  1.434E+01  8.920E-15
 pi    9.624E+00  9.624E+00  8.675E-15         1.434E+01  1.434E+01  8.920E-15
  0    9.618E+00  9.618E+00  5.541E-15  101    1.435E+01  1.435E+01  4.331E-15
 pi    9.618E+00  9.618E+00  5.541E-15         1.435E+01  1.435E+01  4.331E-15
  0    9.611E+00  9.611E+00  1.386E-14  102    1.437E+01  1.437E+01  1.236E-16
 pi    9.611E+00  9.611E+00  1.386E-14         1.437E+01  1.437E+01  1.236E-16
  0    9.604E+00  9.604E+00  1.480E-15  103    1.439E+01  1.439E+01  1.198E-14
 pi    9.604E+00  9.604E+00  1.480E-15         1.439E+01  1.439E+01  1.198E-14
  0    9.598E+00  9.598E+00  2.165E-14  104    1.440E+01  1.440E+01  7.770E-15
 pi    9.598E+00  9.598E+00  2.165E-14         1.440E+01  1.440E+01  7.770E-15
  0    9.591E+00  9.591E+00  3.889E-15  105    1.442E+01  1.442E+01  0.000E+00
 pi    9.591E+00  9.591E+00  3.889E-15         1.442E+01  1.442E+01  0.000E+00
  0    9.585E+00  9.585E+00  1.446E-14  106    1.443E+01  1.443E+01  1.108E-15
 pi    9.585E+00  9.585E+00  1.446E-14         1.443E+01  1.443E+01  1.108E-15
  0    9.579E+00  9.579E+00  8.160E-15  107    1.445E+01  1.445E+01  5.041E-15
 pi    9.579E+00  9.579E+00  8.160E-15         1.445E+01  1.445E+01  5.041E-15
  0    9.572E+00  9.572E+00  1.485E-15  108    1.446E+01  1.446E+01  1.351E-15
 pi    9.572E+00  9.572E+00  1.485E-15         1.446E+01  1.446E+01  1.351E-15
  0    9.566E+00  9.566E+00  7.613E-15  109    1.448E+01  1.448E+01  1.840E-15
 pi    9.566E+00  9.566E+00  7.613E-15         1.448E+01  1.448E+01  1.840E-15
  0    9.560E+00  9.560E+00  2.973E-15  110    1.449E+01  1.449E+01  1.716E-15
 pi    9.560E+00  9.560E+00  2.973E-15         1.449E+01  1.449E+01  1.716E-15
  0    9.554E+00  9.554E+00  7.437E-16  111    1.451E+01  1.451E+01  3.183E-15
 pi    9.554E+00  9.554E+00  7.437E-16         1.451E+01  1.451E+01  3.183E-15
  0    9.548E+00  9.548E+00  8.744E-15  112    1.452E+01  1.452E+01  1.101E-15
 pi    9.548E+00  9.548E+00  8.744E-15         1.452E+01  1.452E+01  1.101E-15
  0    9.542E+00  9.542E+00  1.340E-14  113    1.454E+01  1.454E+01  3.054E-15
 pi    9.542E+00  9.542E+00  1.340E-14         1.454E+01  1.454E+01  3.054E-15
  0    9.536E+00  9.536E+00  9.687E-15  114    1.455E+01  1.455E+01  5.248E-15
 pi    9.536E+00  9.536E+00  9.687E-15         1.455E+01  1.455E+01  5.248E-15
  0    9.530E+00  9.530E+00  9.320E-15  115    1.457E+01  1.457E+01  2.682E-15
 pi    9.530E+00  9.530E+00  9.320E-15         1.457E+01  1.457E+01  2.682E-15
  0    9.524E+00  9.524E+00  6.714E-15  116    1.458E+01  1.458E+01  7.796E-15
 pi    9.524E+00  9.524E+00  6.714E-15         1.458E+01  1.458E+01  7.796E-15
  0    9.518E+00  9.518E+00  1.848E-14  117    1.460E+01  1.460E+01  1.825E-15
 pi    9.518E+00  9.518E+00  1.848E-14         1.460E+01  1.460E+01  1.825E-15
  0    9.513E+00  9.513E+00  1.681E-15  118    1.461E+01  1.461E+01  1.702E-15
 pi    9.513E+00  9.513E+00  1.681E-15         1.461E+01  1.461E+01  1.702E-15
  0    9.507E+00  9.507E+00  5.605E-16  119    1.463E+01  1.463E+01  8.502E-15
 pi    9.507E+00  9.507E+00  5.605E-16         1.463E+01  1.463E+01  8.502E-15
  0    9.501E+00  9.501E+00  9.348E-16  120    1.464E+01  1.464E+01  2.305E-15
 pi    9.501E+00  9.501E+00  9.348E-16         1.464E+01  1.464E+01  2.305E-15
  0    9.496E+00  9.496E+00  1.272E-14  121    1.465E+01  1.465E+01  1.212E-16
 pi    9.496E+00  9.496E+00  1.272E-14         1.465E+01  1.465E+01  1.212E-16
  0    9.491E+00  9.491E+00  5.615E-16  122    1.467E+01  1.467E+01  3.270E-15
 pi    9.491E+00  9.491E+00  5.615E-16         1.467E+01  1.467E+01  3.270E-15
  0    9.485E+00  9.485E+00  5.244E-15  123    1.468E+01  1.468E+01  6.049E-16
 pi    9.485E+00  9.485E+00  5.244E-15         1.468E+01  1.468E+01  6.049E-16
  0    9.480E+00  9.480E+00  9.931E-15  124    1.470E+01  1.470E+01  9.670E-16
 pi    9.480E+00  9.480E+00  9.931E-15         1.470E+01  1.470E+01  9.670E-16
  0    9.474E+00  9.474E+00  4.687E-15  125    1.471E+01  1.471E+01  3.985E-15
 pi    9.474E+00  9.474E+00  4.687E-15         1.471E+01  1.471E+01  3.985E-15
  0    9.469E+00  9.469E+00  9.755E-15  126    1.472E+01  1.472E+01  6.756E-15
 pi    9.469E+00  9.469E+00  9.755E-15         1.472E+01  1.472E+01  6.756E-15
  0    9.464E+00  9.464E+00  5.256E-15  127    1.474E+01  1.474E+01  5.786E-15
 pi    9.464E+00  9.464E+00  5.256E-15         1.474E+01  1.474E+01  5.786E-15
  0    9.459E+00  9.459E+00  1.371E-14  128    1.475E+01  1.475E+01  4.817E-16
 pi    9.459E+00  9.459E+00  1.371E-14         1.475E+01  1.475E+01  4.817E-16
  0    9.454E+00  9.454E+00  5.073E-15  129    1.476E+01  1.476E+01  1.095E-14
 pi    9.454E+00  9.454E+00  5.073E-15         1.476E+01  1.476E+01  1.095E-14
  0    9.449E+00  9.449E+00  1.147E-14  130    1.478E+01  1.478E+01  1.923E-15
 pi    9.449E+00  9.449E+00  1.147E-14         1.478E+01  1.478E+01  1.923E-15
  0    9.444E+00  9.444E+00  6.584E-15  131    1.479E+01  1.479E+01  4.804E-15
 pi    9.444E+00  9.444E+00  6.584E-15         1.479E+01  1.479E+01  4.804E-15
  0    9.439E+00  9.439E+00  2.635E-15  132    1.480E+01  1.480E+01  4.200E-15
 pi    9.439E+00  9.439E+00  2.635E-15         1.480E+01  1.480E+01  4.200E-15
  0    9.434E+00  9.434E+00  6.590E-15  133    1.482E+01  1.482E+01  5.995E-15
 pi    9.434E+00  9.434E+00  6.590E-15         1.482E+01  1.482E+01  5.995E-15
  0    9.429E+00  9.429E+00  1.884E-16  134    1.483E+01  1.483E+01  1.174E-14
 pi    9.429E+00  9.429E+00  1.884E-16         1.483E+01  1.483E+01  1.174E-14
  0    9.424E+00  9.424E+00  8.294E-15  135    1.484E+01  1.484E+01  5.505E-15
 pi    9.424E+00  9.424E+00  8.294E-15         1.484E+01  1.484E+01  5.505E-15
  0    9.419E+00  9.419E+00  1.886E-16  136    1.485E+01  1.485E+01  7.653E-15
 pi    9.419E+00  9.419E+00  1.886E-16         1.485E+01  1.485E+01  7.653E-15
  0    9.415E+00  9.415E+00  1.698E-15  137    1.487E+01  1.487E+01  1.792E-15
 pi    9.415E+00  9.415E+00  1.698E-15         1.487E+01  1.487E+01  1.792E-15
  0    9.410E+00  9.410E+00  4.719E-15  138    1.488E+01  1.488E+01  2.865E-15
 pi    9.410E+00  9.410E+00  4.719E-15         1.488E+01  1.488E+01  2.865E-15
  0    9.405E+00  9.405E+00  1.133E-14  139    1.489E+01  1.489E+01  9.423E-15
 pi    9.405E+00  9.405E+00  1.133E-14         1.489E+01  1.489E+01  9.423E-15
  0    9.401E+00  9.401E+00  3.590E-15  140    1.490E+01  1.490E+01  2.503E-15
 pi    9.401E+00  9.401E+00  3.590E-15         1.490E+01  1.490E+01  2.503E-15
  0    9.396E+00  9.396E+00  5.860E-15  141    1.492E+01  1.492E+01  8.931E-15
 pi    9.396E+00  9.396E+00  5.860E-15         1.492E+01  1.492E+01  8.931E-15
  0    9.392E+00  9.392E+00  1.192E-14  142    1.493E+01  1.493E+01  6.187E-15
 pi    9.392E+00  9.392E+00  1.192E-14         1.493E+01  1.493E+01  6.187E-15
  0    9.388E+00  9.388E+00  1.287E-14  143    1.494E+01  1.494E+01  2.021E-15
 pi    9.388E+00  9.388E+00  1.287E-14         1.494E+01  1.494E+01  2.021E-15
  0    9.383E+00  9.383E+00  5.111E-15  144    1.495E+01  1.495E+01  5.821E-15
 pi    9.383E+00  9.383E+00  5.111E-15         1.495E+01  1.495E+01  5.821E-15
  0    9.379E+00  9.379E+00  5.871E-15  145    1.496E+01  1.496E+01  1.068E-15
 pi    9.379E+00  9.379E+00  5.871E-15         1.496E+01  1.496E+01  1.068E-15
  0    9.375E+00  9.375E+00  4.358E-15  146    1.498E+01  1.498E+01  6.405E-15
 pi    9.375E+00  9.375E+00  4.358E-15         1.498E+01  1.498E+01  6.405E-15
  0    9.370E+00  9.370E+00  3.981E-15  147    1.499E+01  1.499E+01  4.385E-15
 pi    9.370E+00  9.370E+00  3.981E-15         1.499E+01  1.499E+01  4.385E-15
  0    9.366E+00  9.366E+00  6.259E-15  148    1.500E+01  1.500E+01  6.277E-15
 pi    9.366E+00  9.366E+00  6.259E-15         1.500E+01  1.500E+01  6.277E-15
  0    9.362E+00  9.362E+00  2.087E-15  149    1.501E+01  1.501E+01  1.538E-15
 pi    9.362E+00  9.362E+00  2.087E-15         1.501E+01  1.501E+01  1.538E-15
  0    9.358E+00  9.358E+00  7.972E-15  150    1.502E+01  1.502E+01  8.987E-15
 pi    9.358E+00  9.358E+00  7.972E-15         1.502E+01  1.502E+01  8.987E-15
  0    9.354E+00  9.354E+00  9.495E-16  151    1.503E+01  1.503E+01  6.617E-15
 pi    9.354E+00  9.354E+00  9.495E-16         1.503E+01  1.503E+01  6.617E-15
  0    9.350E+00  9.350E+00  7.029E-15  152    1.504E+01  1.504E+01  6.494E-15
 pi    9.350E+00  9.350E+00  7.029E-15         1.504E+01  1.504E+01  6.494E-15
  0    9.346E+00  9.346E+00  7.793E-15  153    1.506E+01  1.506E+01  7.079E-16
 pi    9.346E+00  9.346E+00  7.793E-15         1.506E+01  1.506E+01  7.079E-16
  0    9.342E+00  9.342E+00  7.606E-15  154    1.507E+01  1.507E+01  3.301E-15
 pi    9.342E+00  9.342E+00  7.606E-15         1.507E+01  1.507E+01  3.301E-15
  0    9.338E+00  9.338E+00  1.902E-16  155    1.508E+01  1.508E+01  5.184E-15
 pi    9.338E+00  9.338E+00  1.902E-16         1.508E+01  1.508E+01  5.184E-15
  0    9.335E+00  9.335E+00  8.754E-15  156    1.509E+01  1.509E+01  3.296E-15
 pi    9.335E+00  9.335E+00  8.754E-15         1.509E+01  1.509E+01  3.296E-15
  0    9.331E+00  9.331E+00  6.473E-15  157    1.510E+01  1.510E+01  8.000E-15
 pi    9.331E+00  9.331E+00  6.473E-15         1.510E+01  1.510E+01  8.000E-15
  0    9.327E+00  9.327E+00  5.904E-15  158    1.511E+01  1.511E+01  2.586E-15
 pi    9.327E+00  9.327E+00  5.904E-15         1.511E+01  1.511E+01  2.586E-15
  0    9.324E+00  9.324E+00  9.526E-16  159    1.512E+01  1.512E+01  5.874E-15
 pi    9.324E+00  9.324E+00  9.526E-16         1.512E+01  1.512E+01  5.874E-15
  0    9.320E+00  9.320E+00  1.963E-14  160    1.513E+01  1.513E+01  7.866E-15
 pi    9.320E+00  9.320E+00  1.963E-14         1.513E+01  1.513E+01  7.866E-15
  0    9.317E+00  9.317E+00  4.671E-14  161    1.514E+01  1.514E+01  6.688E-15
 pi    9.317E+00  9.317E+00  4.671E-14         1.514E+01  1.514E+01  6.688E-15
  0    9.313E+00  9.313E+00  9.041E-14  162    1.515E+01  1.515E+01  2.310E-14
 pi    9.313E+00  9.313E+00  9.041E-14         1.515E+01  1.515E+01  2.310E-14
  0    9.310E+00  9.310E+00  1.423E-13  163    1.516E+01  1.516E+01  1.910E-14
 pi    9.310E+00  9.310E+00  1.423E-13         1.516E+01  1.516E+01  1.910E-14
  0    9.306E+00  9.306E+00  2.413E-13  164    1.517E+01  1.517E+01  3.536E-14
 pi    9.306E+00  9.306E+00  2.413E-13         1.517E+01  1.517E+01  3.536E-14
  0    9.303E+00  9.303E+00  3.540E-13  165    1.518E+01  1.518E+01  3.885E-14
 pi    9.303E+00  9.303E+00  3.540E-13         1.518E+01  1.518E+01  3.885E-14
  0    9.300E+00  9.300E+00  5.033E-13  166    1.519E+01  1.519E+01  5.309E-14
 pi    9.300E+00  9.300E+00  5.033E-13         1.519E+01  1.519E+01  5.309E-14
  0    9.297E+00  9.297E+00  6.492E-13  167    1.520E+01  1.520E+01  6.709E-14
 pi    9.297E+00  9.297E+00  6.492E-13         1.520E+01  1.520E+01  6.709E-14
  0    9.294E+00  9.294E+00  8.170E-13  168    1.521E+01  1.521E+01  8.690E-14
 pi    9.294E+00  9.294E+00  8.170E-13         1.521E+01  1.521E+01  8.690E-14
  0    9.292E+00  9.292E+00  1.018E-12  169    1.522E+01  1.522E+01  9.747E-14
 pi    9.292E+00  9.292E+00  1.018E-12         1.522E+01  1.522E+01  9.747E-14
  0    9.289E+00  9.289E+00  1.304E-12  170    1.523E+01  1.523E+01  1.385E-13
 pi    9.289E+00  9.289E+00  1.304E-12         1.523E+01  1.523E+01  1.385E-13
  0    9.287E+00  9.287E+00  1.804E-12  171    1.524E+01  1.524E+01  2.083E-13
 pi    9.287E+00  9.287E+00  1.804E-12         1.524E+01  1.524E+01  2.083E-13
  0    9.285E+00  9.285E+00  2.831E-12  172    1.525E+01  1.525E+01  3.644E-13
 pi    9.285E+00  9.285E+00  2.831E-12         1.525E+01  1.525E+01  3.644E-13
  0    9.283E+00  9.283E+00  4.858E-12  173    1.526E+01  1.526E+01  6.290E-13
 pi    9.283E+00  9.283E+00  4.858E-12         1.526E+01  1.526E+01  6.290E-13
  0    9.281E+00  9.281E+00  8.779E-12  174    1.527E+01  1.527E+01  1.103E-12
 pi    9.281E+00  9.281E+00  8.779E-12         1.527E+01  1.527E+01  1.103E-12
  0    9.279E+00  9.279E+00  1.592E-11  175    1.527E+01  1.527E+01  1.863E-12
 pi    9.279E+00  9.279E+00  1.592E-11         1.527E+01  1.527E+01  1.863E-12
  0    9.278E+00  9.278E+00  2.834E-11  176    1.528E+01  1.528E+01  3.040E-12
 pi    9.278E+00  9.278E+00  2.834E-11         1.528E+01  1.528E+01  3.040E-12
  0    9.276E+00  9.276E+00  4.912E-11  177    1.529E+01  1.529E+01  4.795E-12
 pi    9.276E+00  9.276E+00  4.912E-11         1.529E+01  1.529E+01  4.795E-12
  0    9.275E+00  9.275E+00  8.288E-11  178    1.530E+01  1.530E+01  7.317E-12
 pi    9.275E+00  9.275E+00  8.288E-11         1.530E+01  1.530E+01  7.317E-12
  0    9.274E+00  9.274E+00  1.355E-10  179    1.531E+01  1.531E+01  1.075E-11
 pi    9.274E+00  9.274E+00  1.355E-10         1.531E+01  1.531E+01  1.075E-11
  0    9.273E+00  9.273E+00  2.136E-10  180    1.532E+01  1.532E+01  1.510E-11
 pi    9.273E+00  9.273E+00  2.136E-10         1.532E+01  1.532E+01  1.510E-11
  0    9.273E+00  9.273E+00  3.237E-10  181    1.533E+01  1.533E+01  2.022E-11
 pi    9.273E+00  9.273E+00  3.237E-10         1.533E+01  1.533E+01  2.022E-11
  0    9.272E+00  9.272E+00  4.744E-10  182    1.534E+01  1.534E+01  2.580E-11
 pi    9.272E+00  9.272E+00  4.744E-10         1.534E+01  1.534E+01  2.580E-11
  0    9.271E+00  9.271E+00  6.765E-10  183    1.535E+01  1.535E+01  3.123E-11
 pi    9.271E+00  9.271E+00  6.765E-10         1.535E+01  1.535E+01  3.123E-11
  0    9.271E+00  9.271E+00  9.396E-10  184    1.536E+01  1.536E+01  3.524E-11
 pi    9.271E+00  9.271E+00  9.396E-10         1.536E+01  1.536E+01  3.524E-11
  0    9.270E+00  9.270E+00  1.259E-09  185    1.537E+01  1.537E+01  3.535E-11
 pi    9.270E+00  9.270E+00  1.259E-09         1.537E+01  1.537E+01  3.535E-11
  0    9.270E+00  9.270E+00  1.622E-09  186    1.538E+01  1.538E+01  2.846E-11
 pi    9.270E+00  9.270E+00  1.622E-09         1.538E+01  1.538E+01  2.846E-11
  0    9.269E+00  9.269E+00  1.998E-09  187    1.538E+01  1.538E+01  1.032E-11
 pi    9.269E+00  9.269E+00  1.998E-09         1.538E+01  1.538E+01  1.032E-11
  0    9.268E+00  9.268E+00  2.316E-09  188    1.539E+01  1.539E+01  2.538E-11
 pi    9.268E+00  9.268E+00  2.316E-09         1.539E+01  1.539E+01  2.538E-11
  0    9.268E+00  9.268E+00  2.407E-09  189    1.540E+01  1.540E+01  8.814E-11
 pi    9.268E+00  9.268E+00  2.407E-09         1.540E+01  1.540E+01  8.814E-11
  0    9.267E+00  9.267E+00  1.974E-09  190    1.541E+01  1.541E+01  1.894E-10
 pi    9.267E+00  9.267E+00  1.974E-09         1.541E+01  1.541E+01  1.894E-10
  0    9.266E+00  9.266E+00  5.176E-10  191    1.542E+01  1.542E+01  3.417E-10
 pi    9.266E+00  9.266E+00  5.176E-10         1.542E+01  1.542E+01  3.417E-10
  0    9.265E+00  9.265E+00  2.713E-09  192    1.542E+01  1.542E+01  5.554E-10
 pi    9.265E+00  9.265E+00  2.713E-09         1.542E+01  1.542E+01  5.554E-10
  0    9.264E+00  9.264E+00  8.769E-09  193    1.543E+01  1.543E+01  8.308E-10
 pi    9.264E+00  9.264E+00  8.769E-09         1.543E+01  1.543E+01  8.308E-10
  0    9.263E+00  9.263E+00  1.860E-08  194    1.544E+01  1.544E+01  1.135E-09
 pi    9.263E+00  9.263E+00  1.860E-08         1.544E+01  1.544E+01  1.135E-09
  0    9.262E+00  9.262E+00  3.182E-08  195    1.545E+01  1.545E+01  1.376E-09
 pi    9.262E+00  9.262E+00  3.182E-08         1.545E+01  1.545E+01  1.376E-09
  0    9.260E+00  9.260E+00  4.515E-08  196    1.545E+01  1.545E+01  1.403E-09
 pi    9.260E+00  9.260E+00  4.515E-08         1.545E+01  1.545E+01  1.403E-09
  0    9.259E+00  9.259E+00  5.060E-08  197    1.546E+01  1.546E+01  1.065E-09
 pi    9.259E+00  9.259E+00  5.060E-08         1.546E+01  1.546E+01  1.065E-09
  0    9.258E+00  9.258E+00  3.524E-08  198    1.547E+01  1.547E+01  3.976E-10
 pi    9.258E+00  9.258E+00  3.524E-08         1.547E+01  1.547E+01  3.976E-10
  0    9.256E+00  9.256E+00  9.436E-09  199    1.547E+01  1.547E+01  5.849E-11
 pi    9.256E+00  9.256E+00  9.436E-09         1.547E+01  1.547E+01  5.849E-11
  0    9.255E+00  9.255E+00  6.815E-08  200    1.548E+01  1.548E+01  8.714E-10
 pi    9.255E+00  9.255E+00  6.815E-08         1.548E+01  1.548E+01  8.714E-10
  0    9.253E+00  9.253E+00  1.532E-07  201    1.548E+01  1.548E+01  1.534E-09
 pi    9.253E+00  9.253E+00  1.532E-07         1.548E+01  1.548E+01  1.534E-09

 TIME IN BOOZER TRANSFORM CODE:    5.50E-01 SEC
